"This line should be in the file"
